// Jest Snapshot v1, https://goo.gl/fbAQLP

exports[`renders correctly 1`] = `
Array [
  <main
    className="mb-3"
    role="main"
  >
    <div
      className="hero hero mb-3 hero-lg"
    >
      <div
        className="hero-body text-center text-light"
      >
        <h1>
          Premium Property Finder
        </h1>
        <p
          className="mb-0"
        >
          Bringing premium property right to your finger tips
        </p>
      </div>
    </div>
    <div>
      Child
    </div>
  </main>,
  <footer
    className="text-center mb-5"
  >
    Developed By
     
    <a
      href="https://twitter.com/jpreecedev"
      rel="noopener noreferrer"
      target="_blank"
    >
      Jon Preece
    </a>
    , 2019
  </footer>,
]
`;
